// Jest Snapshot v1, https://goo.gl/fbAQLP

exports[`Marketplace matches snapshot 1`] = `
<DocumentFragment>
  <div
    class="p-8 space-y-8"
  >
    <div>
      <h2
        class="text-2xl font-bold mb-4"
      >
        Featured Modules
      </h2>
      <div
        class="grid grid-cols-1 md:grid-cols-3 gap-6"
      >
        <div
          class="rounded-lg border p-4 shadow bg-white"
        >
          <h4
            class="font-semibold mb-1"
          >
            Invoice
          </h4>
          <p
            class="text-muted-foreground mb-2 text-sm"
          >
            Manage and send invoices.
          </p>
          <button
            class="bg-primary text-white rounded px-4 py-2 text-sm"
          >
            Install
          </button>
        </div>
        <div
          class="rounded-lg border p-4 shadow bg-white"
        >
          <h4
            class="font-semibold mb-1"
          >
            Analytics
          </h4>
          <p
            class="text-muted-foreground mb-2 text-sm"
          >
            Business analytics and insights.
          </p>
          <button
            class="bg-primary text-white rounded px-4 py-2 text-sm"
          >
            Install
          </button>
        </div>
      </div>
    </div>
    <div
      class="rounded-xl border p-4 mb-8"
    >
      <h3
        class="font-semibold mb-2"
      >
        Quick Actions
      </h3>
      <div
        class="flex gap-2 flex-wrap"
      >
        <button
          class="bg-primary text-white rounded px-4 py-2"
        >
          Browse All
        </button>
        <button
          class="bg-secondary text-black rounded px-4 py-2"
        >
          Request Module
        </button>
      </div>
    </div>
    <div>
      <h3
        class="font-semibold mb-2"
      >
        Recently Added
      </h3>
      <div
        class="grid grid-cols-1 md:grid-cols-2 gap-4"
      >
        <div
          class="rounded-lg border p-4 shadow bg-white"
        >
          <h4
            class="font-semibold mb-1"
          >
            Payroll
          </h4>
          <p
            class="text-muted-foreground mb-2 text-sm"
          >
            Automate payroll and compliance.
          </p>
          <button
            class="bg-primary text-white rounded px-4 py-2 text-sm"
          >
            Install
          </button>
        </div>
        <div
          class="rounded-lg border p-4 shadow bg-white"
        >
          <h4
            class="font-semibold mb-1"
          >
            Time Tracking
          </h4>
          <p
            class="text-muted-foreground mb-2 text-sm"
          >
            Track employee hours and productivity.
          </p>
          <button
            class="bg-primary text-white rounded px-4 py-2 text-sm"
          >
            Install
          </button>
        </div>
      </div>
    </div>
    <div
      class="rounded-xl border p-4"
    >
      <h3
        class="font-semibold mb-2"
      >
        AI Recommendations
      </h3>
      <ul
        class="list-disc pl-5"
      >
        <li>
          You might like: "Expense Management" module.
        </li>
        <li>
          Integrate with QuickBooks for seamless accounting.
        </li>
      </ul>
    </div>
  </div>
</DocumentFragment>
`;
