// Jest Snapshot v1, https://goo.gl/fbAQLP

exports[`AdminHome matches snapshot 1`] = `
<DocumentFragment>
  <div
    class="p-8 space-y-8"
  >
    <div
      class="rounded-xl border p-4 mb-8 bg-card"
    >
      <h3
        class="font-semibold mb-2"
      >
        Quick Actions
      </h3>
      <div
        class="flex gap-2 flex-wrap"
      >
        <button
          class="bg-primary text-white rounded px-4 py-2"
        >
          Invite User
        </button>
        <button
          class="bg-secondary text-black rounded px-4 py-2"
        >
          Add Team
        </button>
        <button
          class="bg-muted text-black rounded px-4 py-2"
        >
          Change Logo
        </button>
      </div>
    </div>
    <div
      class="rounded-xl border p-4 bg-card"
    >
      <h3
        class="font-semibold mb-2"
      >
        User Management
      </h3>
      <table
        class="min-w-full text-sm"
      >
        <thead>
          <tr>
            <th
              class="text-left p-2"
            >
              Name
            </th>
            <th
              class="text-left p-2"
            >
              Email
            </th>
            <th
              class="text-left p-2"
            >
              Role
            </th>
            <th
              class="text-left p-2"
            >
              Status
            </th>
          </tr>
        </thead>
        <tbody>
          <tr
            class="border-t"
          >
            <td
              class="p-2"
            >
              Alice
            </td>
            <td
              class="p-2"
            >
              alice@email.com
            </td>
            <td
              class="p-2"
            >
              Admin
            </td>
            <td
              class="p-2"
            >
              Active
            </td>
          </tr>
          <tr
            class="border-t"
          >
            <td
              class="p-2"
            >
              Bob
            </td>
            <td
              class="p-2"
            >
              bob@email.com
            </td>
            <td
              class="p-2"
            >
              Manager
            </td>
            <td
              class="p-2"
            >
              Active
            </td>
          </tr>
          <tr
            class="border-t"
          >
            <td
              class="p-2"
            >
              Carol
            </td>
            <td
              class="p-2"
            >
              carol@email.com
            </td>
            <td
              class="p-2"
            >
              User
            </td>
            <td
              class="p-2"
            >
              Invited
            </td>
          </tr>
        </tbody>
      </table>
    </div>
    <div
      class="rounded-xl border p-4 bg-card"
    >
      <h3
        class="font-semibold mb-2"
      >
        Team Management
      </h3>
      <ul
        class="divide-y"
      >
        <li
          class="py-2 flex justify-between"
        >
          <span>
            Sales
          </span>
          <span
            class="text-xs text-muted-foreground dark:text-gray-200"
          >
            5 members
          </span>
        </li>
        <li
          class="py-2 flex justify-between"
        >
          <span>
            Finance
          </span>
          <span
            class="text-xs text-muted-foreground dark:text-gray-200"
          >
            3 members
          </span>
        </li>
        <li
          class="py-2 flex justify-between"
        >
          <span>
            Operations
          </span>
          <span
            class="text-xs text-muted-foreground dark:text-gray-200"
          >
            4 members
          </span>
        </li>
      </ul>
    </div>
    <div
      class="rounded-xl border p-4 bg-card"
    >
      <h3
        class="font-semibold mb-2"
      >
        System Settings
      </h3>
      <ul
        class="list-disc pl-5"
      >
        <li>
          Branding: 
          <span
            class="text-muted-foreground dark:text-gray-200"
          >
            Nexus OS
          </span>
        </li>
        <li>
          Integrations: 
          <span
            class="text-muted-foreground dark:text-gray-200"
          >
            QuickBooks, Slack
          </span>
        </li>
        <li>
          Preferences: 
          <span
            class="text-muted-foreground dark:text-gray-200"
          >
            Dark mode enabled
          </span>
        </li>
      </ul>
    </div>
    <div
      class="grid grid-cols-1 md:grid-cols-2 gap-4"
    >
      <div
        class="rounded-xl border p-4 bg-card"
      >
        <h3
          class="font-semibold mb-2"
        >
          Activity Log
        </h3>
        <ul
          class="divide-y"
        >
          <li
            class="py-2"
          >
            Invited user by 
            <span
              class="font-medium"
            >
              Alice
            </span>
             
            <span
              class="text-xs text-muted-foreground dark:text-gray-200"
            >
              (2024-06-10)
            </span>
          </li>
          <li
            class="py-2"
          >
            Changed logo by 
            <span
              class="font-medium"
            >
              Bob
            </span>
             
            <span
              class="text-xs text-muted-foreground dark:text-gray-200"
            >
              (2024-06-09)
            </span>
          </li>
        </ul>
      </div>
      <div
        class="rounded-xl border p-4 bg-card"
      >
        <h3
          class="font-semibold mb-2"
        >
          AI Insights
        </h3>
        <ul
          class="list-disc pl-5"
        >
          <li>
            Carol has not accepted her invite (3 days).
          </li>
          <li>
            No security issues detected.
          </li>
        </ul>
      </div>
    </div>
  </div>
</DocumentFragment>
`;
