// Jest Snapshot v1, https://goo.gl/fbAQLP

exports[`KpiCard matches snapshot 1`] = `
<DocumentFragment>
  <div
    class="rounded-xl border p-4 shadow-sm flex flex-col gap-1"
  >
    <p
      class="text-muted-foreground mb-1 text-xs uppercase"
    >
      Revenue
    </p>
    <div
      class="flex items-end justify-between gap-2"
    >
      <p
        class="text-3xl font-semibold"
      >
        $1000
      </p>
      <svg
        class="text-primary/70"
        fill="none"
        height="18"
        viewBox="0 0 64 18"
        width="64"
      >
        <polyline
          fill="none"
          points="0,16 15,13 30,10 45,7 60,4"
          stroke="currentColor"
          stroke-linecap="round"
          stroke-linejoin="round"
          stroke-width="2"
        />
      </svg>
    </div>
    <p
      class="text-xs font-medium text-success"
    >
      +10%
    </p>
  </div>
</DocumentFragment>
`;
