// Jest Snapshot v1, https://goo.gl/fbAQLP

exports[`QuickLaunchTiles matches snapshot 1`] = `
<DocumentFragment>
  <div
    class="grid grid-cols-2 sm:grid-cols-3 lg:grid-cols-6 gap-4"
  >
    <button
      aria-label="New Deal"
      class="font-medium focus-visible:outline-none focus-visible:ring-2 focus-visible:ring-offset-2 disabled:pointer-events-none disabled:opacity-50 bg-primary text-primary-foreground hover:bg-primary/90 focus-visible:ring-ring px-4 flex flex-col items-center justify-center gap-2 h-20 w-full rounded-xl shadow-lg hover:shadow-xl active:scale-95 transition-all duration-200"
    >
      <span
        class="text-lg"
      >
        plus
      </span>
      <span
        class="text-xs font-medium text-center"
      >
        New Deal
      </span>
    </button>
    <button
      aria-label="Reports"
      class="font-medium focus-visible:outline-none focus-visible:ring-2 focus-visible:ring-offset-2 disabled:pointer-events-none disabled:opacity-50 bg-primary text-primary-foreground hover:bg-primary/90 focus-visible:ring-ring px-4 flex flex-col items-center justify-center gap-2 h-20 w-full rounded-xl shadow-lg hover:shadow-xl active:scale-95 transition-all duration-200"
    >
      <span
        class="text-lg"
      >
        chart
      </span>
      <span
        class="text-xs font-medium text-center"
      >
        Reports
      </span>
    </button>
    <button
      aria-label="Contacts"
      class="font-medium focus-visible:outline-none focus-visible:ring-2 focus-visible:ring-offset-2 disabled:pointer-events-none disabled:opacity-50 bg-primary text-primary-foreground hover:bg-primary/90 focus-visible:ring-ring px-4 flex flex-col items-center justify-center gap-2 h-20 w-full rounded-xl shadow-lg hover:shadow-xl active:scale-95 transition-all duration-200"
    >
      <span
        class="text-lg"
      >
        users
      </span>
      <span
        class="text-xs font-medium text-center"
      >
        Contacts
      </span>
    </button>
  </div>
</DocumentFragment>
`;
