// Jest Snapshot v1, https://goo.gl/fbAQLP

exports[`Avatar matches snapshot 1`] = `
<DocumentFragment>
  <span
    class="relative flex h-10 w-10 shrink-0 overflow-hidden rounded-full"
  >
    <img
      alt="User Avatar"
      class="aspect-square h-full w-full"
      src="/avatar.png"
    />
    <span
      class="flex h-full w-full items-center justify-center rounded-full bg-muted text-foreground font-medium"
    >
      UA
    </span>
  </span>
</DocumentFragment>
`;
