// Jest Snapshot v1, https://goo.gl/fbAQLP

exports[`QuickLaunchTiles matches snapshot 1`] = `
<DocumentFragment>
  <div
    class="grid grid-cols-2 sm:grid-cols-3 lg:grid-cols-6 gap-4"
  >
    <button
      aria-label="New Deal"
      class="flex flex-col items-center p-6 rounded-lg bg-background border border-border hover:border-primary hover:bg-primary/5 hover:shadow-md transition-all duration-200 group"
    >
      <div
        class="p-4 rounded-lg bg-primary/10 text-primary group-hover:bg-primary/20 transition-all duration-200 mb-3"
      >
        <span
          class="text-lg"
        >
          plus
        </span>
      </div>
      <span
        class="text-sm font-medium text-foreground group-hover:text-primary transition-colors duration-200"
      >
        New Deal
      </span>
      <span
        class="text-xs text-muted-foreground mt-1"
      >
        Create a new sales deal
      </span>
    </button>
    <button
      aria-label="Reports"
      class="flex flex-col items-center p-6 rounded-lg bg-background border border-border hover:border-primary hover:bg-primary/5 hover:shadow-md transition-all duration-200 group"
    >
      <div
        class="p-4 rounded-lg bg-primary/10 text-primary group-hover:bg-primary/20 transition-all duration-200 mb-3"
      >
        <span
          class="text-lg"
        >
          chart
        </span>
      </div>
      <span
        class="text-sm font-medium text-foreground group-hover:text-primary transition-colors duration-200"
      >
        Reports
      </span>
      <span
        class="text-xs text-muted-foreground mt-1"
      >
        View sales reports
      </span>
    </button>
    <button
      aria-label="Contacts"
      class="flex flex-col items-center p-6 rounded-lg bg-background border border-border hover:border-primary hover:bg-primary/5 hover:shadow-md transition-all duration-200 group"
    >
      <div
        class="p-4 rounded-lg bg-primary/10 text-primary group-hover:bg-primary/20 transition-all duration-200 mb-3"
      >
        <span
          class="text-lg"
        >
          users
        </span>
      </div>
      <span
        class="text-sm font-medium text-foreground group-hover:text-primary transition-colors duration-200"
      >
        Contacts
      </span>
      <span
        class="text-xs text-muted-foreground mt-1"
      >
        Manage contacts
      </span>
    </button>
  </div>
</DocumentFragment>
`;
